// Jest Snapshot v1, https://goo.gl/fbAQLP

exports[`Input Box Initial Rendering 1`] = `
<div
  className="sc-AxirZ bQmHBL"
>
  <div
    className="sc-AxiKw eGDepq"
  >
    <h4>
      
      <span
        className="text-danger"
      >
        
      </span>
    </h4>
  </div>
</div>
`;
