// Jest Snapshot v1, https://goo.gl/fbAQLP

exports[`History Layout Initial Rendering 1`] = `
<div
  className="sc-AxhCb kgMfC mt-1 btn btn-dark btn-sm"
  disabled={false}
  onClick={[Function]}
>
  <span>
    H
  </span>
</div>
`;
